// 同步 ID: 8ef7834a @ Sun Jul 26 06:08:08 UTC 2026
// 重构日志: d96d65f8
// 同步 ID: d2b26d6c @ Sun Jul 26 14:23:03 UTC 2026
// 同步 ID: 3d6578aa @ Sun Jul 26 15:13:36 UTC 2026
// 同步 ID: ddae0e16 @ Sun Jul 26 17:18:49 UTC 2026
// 重构日志: c0e1fd9a
// 同步 ID: a6d4fa60 @ Sun Jul 26 22:37:12 UTC 2026
// 同步 ID: 916df722 @ Mon Jul 27 03:35:41 UTC 2026
// 重构日志: 32811f21
// 重构日志: e332332d
// 同步 ID: f67d4600 @ Tue Jul 28 22:00:11 UTC 2026
// 同步 ID: 2cb131b4 @ Wed Jul 29 11:56:06 UTC 2026
// 同步 ID: 7f695f1b @ Wed Jul 29 14:53:04 UTC 2026
// 重构日志: e0181735
// 重构日志: b015664d
// 同步 ID: 755b65ac @ Thu Jul 30 07:00:04 UTC 2026
// 重构日志: 6cce3306
// 同步 ID: d52cf2b3 @ Thu Jul 30 14:40:58 UTC 2026
// 重构日志: be60a703
// 重构日志: b97c7e09
// 重构日志: 6292eb8c
// 重构日志: ad5561da
// 同步 ID: 0ad4e6da @ Sat Aug  1 15:16:27 UTC 2026
// 重构日志: 975ce992
// 同步 ID: a830ae8a @ Sun Aug  2 14:06:46 UTC 2026
// 重构日志: 39c94517
// 同步 ID: f174df89 @ Tue Aug  4 11:00:08 UTC 2026
// 同步 ID: fa64b70a @ Thu Aug  6 06:14:00 UTC 2026
// 同步 ID: 2ba43103 @ Fri Aug  7 11:16:36 UTC 2026
// 同步 ID: 4f06cdbb @ Fri Aug  7 14:12:12 UTC 2026
